[00:58:23] [🥒] [Core/Cortex] Kernel Initialized.
[00:58:23] [🥒] [Alpaca/Trade] Kernel Initialized.
[00:58:23] [🥒] [Social/Twitter] Kernel Initialized.
[00:58:23] [🥒] [Social/Sentiment] Kernel Initialized.
[00:58:23] [🥒] [Social/Publisher] Kernel Initialized.
[00:58:23] [🥒] [Social/Twitter] Kernel Initialized.
[00:58:23] [🥒] [Social/Sentiment] Kernel Initialized.
[00:58:23] [🥒] [Core/Cortex] Initializing Cortex Web Server...
[00:58:23] [🥒] [Core/Cortex] Initializing Market Data Stream...
node:events:485
      throw er; // Unhandled 'error' event
      ^

Error: listen EADDRINUSE: address already in use :::3333
    at Server.setupListenHandle [as _listen2] (node:net:1940:16)
    at listenInCluster (node:net:1997:12)
    at Server.listen (node:net:2102:7)
    at CortexSkill.start (file:///Users/zerbytheboss/Desktop/OpenClaw/openclaw/skills/core/cortex.mjs:95:12)
    at file:///Users/zerbytheboss/Desktop/OpenClaw/openclaw/skills/core/cortex.mjs:453:19
    at ModuleJob.run (node:internal/modules/esm/module_job:370:25)
    at async onImport.tracePromise.__proto__ (node:internal/modules/esm/loader:665:26)
    at async asyncRunEntryPointWithESMLoader (node:internal/modules/run_main:99:5)
Emitted 'error' event on Server instance at:
    at emitErrorNT (node:net:1976:8)
    at process.processTicksAndRejections (node:internal/process/task_queues:90:21) {
  code: 'EADDRINUSE',
  errno: -48,
  syscall: 'listen',
  address: '::',
  port: 3333
}

Node.js v24.4.1
